2026-03-01 05:35:14 | INFO | Resuming from iteration 0
2026-03-01 05:35:16 | INFO | ============================================================
2026-03-01 05:35:16 | INFO | ITERATION 0
2026-03-01 05:35:16 | INFO | ============================================================
2026-03-01 05:35:16 | INFO | Step 1: Running evaluation...
2026-03-01 06:06:46 | INFO | Eval scores: routing=0.088 errors=0.000 retry=0.410 synthesis=0.375 overall=0.218
2026-03-01 06:06:46 | INFO | Step 2: Analyzing failure modes...
2026-03-01 06:06:46 | INFO | Top failure modes: ['missed_errors', 'bad_retry_decisions', 'routing_failures']
2026-03-01 06:06:46 | INFO | Step 3: Generating targeted training examples...
2026-03-01 06:06:46 | INFO | Step 4: Merging base and targeted training data...
2026-03-01 06:06:46 | INFO | Step 5: Starting fine-tuning iteration 1...
2026-03-01 06:44:33 | INFO | Fine-tuning completed for iteration 1
2026-03-01 06:44:33 | INFO | Step 6: Waiting for model server readiness...
2026-03-01 06:44:33 | INFO | ============================================================
2026-03-01 06:44:33 | INFO | ITERATION 1
2026-03-01 06:44:33 | INFO | ============================================================
2026-03-01 06:44:33 | INFO | Step 1: Running evaluation...
2026-03-01 07:16:02 | INFO | Eval scores: routing=0.121 errors=0.000 retry=0.300 synthesis=0.387 overall=0.202
2026-03-01 07:16:02 | INFO | Step 2: Analyzing failure modes...
2026-03-01 07:16:02 | INFO | Top failure modes: ['missed_errors', 'bad_retry_decisions', 'routing_failures']
2026-03-01 07:16:02 | INFO | Step 3: Generating targeted training examples...
2026-03-01 07:16:02 | INFO | Step 4: Merging base and targeted training data...
2026-03-01 07:16:02 | INFO | Step 5: Starting fine-tuning iteration 2...
2026-03-01 07:53:52 | INFO | Fine-tuning completed for iteration 2
2026-03-01 07:53:52 | INFO | Step 6: Waiting for model server readiness...
2026-03-01 07:53:52 | INFO | ============================================================
2026-03-01 07:53:52 | INFO | ITERATION 2
2026-03-01 07:53:52 | INFO | ============================================================
2026-03-01 07:53:52 | INFO | Step 1: Running evaluation...
2026-03-01 08:25:20 | INFO | Eval scores: routing=0.104 errors=0.010 retry=0.530 synthesis=0.377 overall=0.255
2026-03-01 08:25:20 | INFO | Step 2: Analyzing failure modes...
2026-03-01 08:25:20 | INFO | Top failure modes: ['missed_errors', 'bad_retry_decisions', 'routing_failures']
2026-03-01 08:25:20 | INFO | Step 3: Generating targeted training examples...
2026-03-01 08:25:20 | INFO | Step 4: Merging base and targeted training data...
2026-03-01 08:25:20 | INFO | Step 5: Starting fine-tuning iteration 3...
2026-03-01 09:03:07 | INFO | Fine-tuning completed for iteration 3
2026-03-01 09:03:07 | INFO | Step 6: Waiting for model server readiness...
2026-03-01 09:03:07 | INFO | ============================================================
2026-03-01 09:03:07 | INFO | ITERATION 3
2026-03-01 09:03:07 | INFO | ============================================================
2026-03-01 09:03:07 | INFO | Step 1: Running evaluation...
2026-03-01 09:34:35 | INFO | Eval scores: routing=0.119 errors=0.000 retry=0.300 synthesis=0.395 overall=0.204
2026-03-01 09:34:35 | INFO | Step 2: Analyzing failure modes...
2026-03-01 09:34:35 | INFO | Top failure modes: ['missed_errors', 'routing_failures', 'bad_retry_decisions']
2026-03-01 09:34:35 | INFO | Step 3: Generating targeted training examples...
2026-03-01 09:34:35 | INFO | Step 4: Merging base and targeted training data...
2026-03-01 09:34:35 | INFO | Step 5: Starting fine-tuning iteration 4...
2026-03-01 10:12:23 | INFO | Fine-tuning completed for iteration 4
2026-03-01 10:12:23 | INFO | Step 6: Waiting for model server readiness...
2026-03-01 10:12:23 | INFO | ============================================================
2026-03-01 10:12:23 | INFO | ITERATION 4
2026-03-01 10:12:23 | INFO | ============================================================
2026-03-01 10:12:23 | INFO | Step 1: Running evaluation...
2026-03-01 10:43:51 | INFO | Eval scores: routing=0.098 errors=0.010 retry=0.440 synthesis=0.451 overall=0.250
2026-03-01 10:43:51 | INFO | Step 2: Analyzing failure modes...
2026-03-01 10:43:51 | INFO | Top failure modes: ['missed_errors', 'routing_failures', 'bad_retry_decisions']
2026-03-01 10:43:51 | INFO | Step 3: Generating targeted training examples...
2026-03-01 10:43:51 | INFO | Step 4: Merging base and targeted training data...
2026-03-01 10:43:51 | INFO | Step 5: Starting fine-tuning iteration 5...
2026-03-01 11:21:40 | INFO | Fine-tuning completed for iteration 5
2026-03-01 11:21:40 | INFO | Step 6: Waiting for model server readiness...
2026-03-01 11:21:40 | INFO | ============================================================
2026-03-01 11:21:40 | INFO | ITERATION 5
2026-03-01 11:21:40 | INFO | ============================================================
2026-03-01 11:21:40 | INFO | Step 1: Running evaluation...
2026-03-01 11:53:07 | INFO | Eval scores: routing=0.097 errors=0.000 retry=0.400 synthesis=0.459 overall=0.239
2026-03-01 11:53:07 | INFO | Step 2: Analyzing failure modes...
2026-03-01 11:53:07 | INFO | Top failure modes: ['missed_errors', 'routing_failures', 'bad_retry_decisions']
2026-03-01 11:53:07 | INFO | Step 3: Generating targeted training examples...
2026-03-01 11:53:07 | INFO | Step 4: Merging base and targeted training data...
2026-03-01 11:53:07 | INFO | Step 5: Starting fine-tuning iteration 6...
2026-03-01 12:31:02 | INFO | Fine-tuning completed for iteration 6
2026-03-01 12:31:02 | INFO | Step 6: Waiting for model server readiness...
2026-03-01 12:31:02 | INFO | ============================================================
2026-03-01 12:31:02 | INFO | ITERATION 6
2026-03-01 12:31:02 | INFO | ============================================================
2026-03-01 12:31:02 | INFO | Step 1: Running evaluation...
2026-03-01 13:02:28 | INFO | Eval scores: routing=0.100 errors=0.000 retry=0.490 synthesis=0.409 overall=0.250
2026-03-01 13:02:28 | INFO | Final iteration reached; stopping after evaluation.
2026-03-01 13:02:28 | INFO | 
============================================================
2026-03-01 13:02:28 | INFO | LOOP COMPLETE - SUMMARY
2026-03-01 13:02:28 | INFO | ============================================================
2026-03-01 13:02:28 | INFO | Iteration 0: overall=0.218 routing=0.088 errors=0.000 retry=0.410 synthesis=0.375 [COMPLETED]
2026-03-01 13:02:28 | INFO | Iteration 1: overall=0.202 routing=0.121 errors=0.000 retry=0.300 synthesis=0.387 [COMPLETED]
2026-03-01 13:02:28 | INFO | Iteration 2: overall=0.255 routing=0.104 errors=0.010 retry=0.530 synthesis=0.377 [COMPLETED]
2026-03-01 13:02:28 | INFO | Iteration 3: overall=0.204 routing=0.119 errors=0.000 retry=0.300 synthesis=0.395 [COMPLETED]
2026-03-01 13:02:28 | INFO | Iteration 4: overall=0.250 routing=0.098 errors=0.010 retry=0.440 synthesis=0.451 [COMPLETED]
2026-03-01 13:02:28 | INFO | Iteration 5: overall=0.239 routing=0.097 errors=0.000 retry=0.400 synthesis=0.459 [COMPLETED]
2026-03-01 13:02:28 | INFO | Iteration 6: overall=0.250 routing=0.100 errors=0.000 retry=0.490 synthesis=0.409 [FINAL_EVAL_COMPLETE]
